// Jest Snapshot v1, https://goo.gl/fbAQLP

exports[`<SfmNavBar /> Should render and match the snapshot 1`] = `
<header
  class="MuiPaper-root-179 MuiPaper-elevation4-185 MuiAppBar-root-170 MuiAppBar-positionStatic-174 MuiAppBar-colorPrimary-177"
>
  <div
    class="MuiToolbar-root-206 MuiToolbar-regular-208 MuiToolbar-gutters-207"
  >
    <button
      aria-label="Open drawer"
      class="MuiButtonBase-root-216 MuiIconButton-root-210 MuiIconButton-colorInherit-211"
      tabindex="0"
      type="button"
    >
      <span
        class="MuiIconButton-label-215"
      >
        <svg
          aria-hidden="true"
          class="MuiSvgIcon-root-219"
          focusable="false"
          role="presentation"
          viewBox="0 0 24 24"
        >
          <path
            d="M0 0h24v24H0z"
            fill="none"
          />
          <path
            d="M3 18h18v-2H3v2zm0-5h18v-2H3v2zm0-7v2h18V6H3z"
          />
        </svg>
      </span>
      <span
        class="MuiTouchRipple-root-322"
      />
    </button>
    <h6
      class="MuiTypography-root-228 MuiTypography-h6-245 MuiTypography-colorInherit-257 Typography-sc-1tw305x-0 icPXXg"
    >
      This is my title
    </h6>
    <div>
      <button
        aria-haspopup="true"
        class="MuiButtonBase-root-216 MuiIconButton-root-210 MuiIconButton-colorInherit-211"
        tabindex="0"
        type="button"
      >
        <span
          class="MuiIconButton-label-215"
        >
          <svg
            aria-hidden="true"
            class="MuiSvgIcon-root-219"
            focusable="false"
            role="presentation"
            viewBox="0 0 24 24"
          >
            <path
              d="M12 2C6.48 2 2 6.48 2 12s4.48 10 10 10 10-4.48 10-10S17.52 2 12 2zm0 3c1.66 0 3 1.34 3 3s-1.34 3-3 3-3-1.34-3-3 1.34-3 3-3zm0 14.2c-2.5 0-4.71-1.28-6-3.22.03-1.99 4-3.08 6-3.08 1.99 0 5.97 1.09 6 3.08-1.29 1.94-3.5 3.22-6 3.22z"
            />
            <path
              d="M0 0h24v24H0z"
              fill="none"
            />
          </svg>
        </span>
        <span
          class="MuiTouchRipple-root-322"
        />
      </button>
    </div>
  </div>
</header>
`;
